error[E0046]: not all trait items implemented, missing: `test3`
  --> tests/ui/missing_versioned_method.rs:35:2
   |
29 |         fn test3();
   |         ----------- `test3` from trait
...
35 |     impl self::Api<Block> for Runtime {
   |     ^^^^^^^^^^^^^^^^^^^^^^^^^^^^^^^^^ missing `test3` in implementation

error[E0053]: method `initialize_block` has an incompatible type for trait
  --> tests/ui/missing_versioned_method.rs:47:54
   |
47 |         fn initialize_block(_: &<Block as BlockT>::Header) {
   |                                                            ^ expected `ExtrinsicInclusionMode`, found `()`
   |
   = note: expected signature `fn(&sp_runtime::generic::Header<u64, BlakeTwo256>) -> ExtrinsicInclusionMode`
              found signature `fn(&sp_runtime::generic::Header<u64, BlakeTwo256>)`
help: change the output type to match the trait
   |
47 |         fn initialize_block(_: &<Block as BlockT>::Header) -> ExtrinsicInclusionMode {
   |                                                            +++++++++++++++++++++++++
