error: expected integer literal
  --> tests/runtime_ui/invalid_pallet_index.rs:26:31
   |
26 |         #[frame::pallet_index("0")]
   |                               ^^^
